
> frontend@0.1.0 build
> next build

Γû▓ Next.js 16.1.5 (Turbopack)
- Environments: .env.local

  Creating an optimized production build ...
Γ£ô Compiled successfully in 6.3s
  Running TypeScript ...
node.exe : Failed to compile.
At line:1 char:1
+ & "C:\Program Files\nodejs/node.exe" "C:\Program 
Files\nodejs/node_mo ...
+ ~~~~~~~~~~~~~~~~~~~~~~~~~~~~~~~~~~~~~~~~~~~~~~~~~~~~~~~~~~~~~~
~~~~~~~
    + CategoryInfo          : NotSpecified: (Failed to compile. 
   :String) [], RemoteException
    + FullyQualifiedErrorId : NativeCommandError
 

./src/app/projects/[id]/page.tsx:382:37
Type error: Type '{ users: { name: string; src: string; }[]; 
max: number; }' is not assignable to type 'IntrinsicAttributes 
& AvatarGroupProps'.
  Property 'users' does not exist on type 'IntrinsicAttributes 
& AvatarGroupProps'.

[0m [90m 380 |[39m                                 
[33m<[39m[33mh3[39m className[33m=[39m[32m"font-semibold 
text-white mb-4"[39m[33m>[39m[33mTeam[39m[33m<[39m[33m/
[39m[33mh3[39m[33m>[39m
 [90m 381 |[39m                                 
[33m<[39m[33mAvatarGroup[39m
[31m[1m>[22m[39m[90m 382 |[39m                            
         users[33m=[39m{mockProject[33m.[39mteamMembers[33m
.[39mmap(m [33m=>[39m ({
 [90m     |[39m                                     
[31m[1m^[22m[39m
 [90m 383 |[39m                                         
name[33m:[39m m[33m.[39mname[33m,[39m
 [90m 384 |[39m                                         
src[33m:[39m m[33m.[39mavatar[33m,[39m
 [90m 385 |[39m                                     }))}[0m
Next.js build worker exited with code: 1 and signal: null
