src/app/(auth)/signin/page.tsx(6,25): error TS2307: Cannot find module 'react-hook-form' or its corresponding type declarations.
src/app/(auth)/signin/page.tsx(7,29): error TS2307: Cannot find module '@hookform/resolvers/zod' or its corresponding type declarations.
src/app/(auth)/signin/page.tsx(8,24): error TS2307: Cannot find module 'framer-motion' or its corresponding type declarations.
src/app/(auth)/signin/page.tsx(9,53): error TS2307: Cannot find module 'lucide-react' or its corresponding type declarations.
src/app/(auth)/signup/page.tsx(6,25): error TS2307: Cannot find module 'react-hook-form' or its corresponding type declarations.
src/app/(auth)/signup/page.tsx(7,29): error TS2307: Cannot find module '@hookform/resolvers/zod' or its corresponding type declarations.
src/app/(auth)/signup/page.tsx(8,41): error TS2307: Cannot find module 'framer-motion' or its corresponding type declarations.
src/app/(auth)/signup/page.tsx(9,99): error TS2307: Cannot find module 'lucide-react' or its corresponding type declarations.
src/app/(dashboard)/founder/page.tsx(5,24): error TS2307: Cannot find module 'framer-motion' or its corresponding type declarations.
src/app/(dashboard)/founder/page.tsx(15,8): error TS2307: Cannot find module 'lucide-react' or its corresponding type declarations.
src/app/(dashboard)/projects/upload/page.tsx(5,25): error TS2307: Cannot find module 'react-hook-form' or its corresponding type declarations.
src/app/(dashboard)/projects/upload/page.tsx(6,29): error TS2307: Cannot find module '@hookform/resolvers/zod' or its corresponding type declarations.
src/app/(dashboard)/projects/upload/page.tsx(7,41): error TS2307: Cannot find module 'framer-motion' or its corresponding type declarations.
src/app/(dashboard)/projects/upload/page.tsx(21,8): error TS2307: Cannot find module 'lucide-react' or its corresponding type declarations.
src/app/(dashboard)/requests/page.tsx(5,24): error TS2307: Cannot find module 'framer-motion' or its corresponding type declarations.
src/app/(dashboard)/requests/page.tsx(16,8): error TS2307: Cannot find module 'lucide-react' or its corresponding type declarations.
src/app/(dashboard)/requests/page.tsx(162,87): error TS2367: This comparison appears to be unintentional because the types '"pending" | "accepted"' and '"rejected"' have no overlap.
src/app/(dashboard)/settings/page.tsx(4,24): error TS2307: Cannot find module 'framer-motion' or its corresponding type declarations.
src/app/(dashboard)/settings/page.tsx(16,8): error TS2307: Cannot find module 'lucide-react' or its corresponding type declarations.
src/app/(dashboard)/student/page.tsx(5,24): error TS2307: Cannot find module 'framer-motion' or its corresponding type declarations.
src/app/(dashboard)/student/page.tsx(14,8): error TS2307: Cannot find module 'lucide-react' or its corresponding type declarations.
src/app/discover/page.tsx(5,24): error TS2307: Cannot find module 'framer-motion' or its corresponding type declarations.
src/app/discover/page.tsx(14,8): error TS2307: Cannot find module 'lucide-react' or its corresponding type declarations.
src/app/profile/[id]/page.tsx(5,24): error TS2307: Cannot find module 'framer-motion' or its corresponding type declarations.
src/app/profile/[id]/page.tsx(18,8): error TS2307: Cannot find module 'lucide-react' or its corresponding type declarations.
src/app/projects/[id]/page.tsx(6,24): error TS2307: Cannot find module 'framer-motion' or its corresponding type declarations.
src/app/projects/[id]/page.tsx(26,8): error TS2307: Cannot find module 'lucide-react' or its corresponding type declarations.
src/app/projects/[id]/page.tsx(382,37): error TS2322: Type '{ users: { name: string; src: string; }[]; max: number; }' is not assignable to type 'IntrinsicAttributes & AvatarGroupProps'.
  Property 'users' does not exist on type 'IntrinsicAttributes & AvatarGroupProps'.
src/components/common/Button.tsx(5,25): error TS2307: Cannot find module 'lucide-react' or its corresponding type declarations.
src/components/common/Modal.tsx(5,41): error TS2307: Cannot find module 'framer-motion' or its corresponding type declarations.
src/components/common/Modal.tsx(6,19): error TS2307: Cannot find module 'lucide-react' or its corresponding type declarations.
src/components/common/SearchBar.tsx(4,27): error TS2307: Cannot find module 'lucide-react' or its corresponding type declarations.
src/components/common/SearchBar.tsx(51,38): error TS2345: Argument of type '(searchValue: string) => void' is not assignable to parameter of type '(...args: unknown[]) => unknown'.
  Types of parameters 'searchValue' and 'args' are incompatible.
    Type 'unknown' is not assignable to type 'string'.
src/components/common/Select.tsx(5,29): error TS2307: Cannot find module 'lucide-react' or its corresponding type declarations.
src/components/common/Toast.tsx(4,41): error TS2307: Cannot find module 'framer-motion' or its corresponding type declarations.
src/components/common/Toast.tsx(5,66): error TS2307: Cannot find module 'lucide-react' or its corresponding type declarations.
src/components/landing/CTASection.tsx(4,24): error TS2307: Cannot find module 'framer-motion' or its corresponding type declarations.
src/components/landing/CTASection.tsx(5,36): error TS2307: Cannot find module 'lucide-react' or its corresponding type declarations.
src/components/landing/FeaturedProjects.tsx(4,49): error TS2307: Cannot find module 'framer-motion' or its corresponding type declarations.
src/components/landing/FeaturedProjects.tsx(5,42): error TS2307: Cannot find module 'lucide-react' or its corresponding type declarations.
src/components/landing/HeroSection.tsx(5,24): error TS2307: Cannot find module 'framer-motion' or its corresponding type declarations.
src/components/landing/HeroSection.tsx(6,53): error TS2307: Cannot find module 'lucide-react' or its corresponding type declarations.
src/components/landing/HowItWorks.tsx(3,24): error TS2307: Cannot find module 'framer-motion' or its corresponding type declarations.
src/components/landing/HowItWorks.tsx(4,42): error TS2307: Cannot find module 'lucide-react' or its corresponding type declarations.
src/components/landing/Testimonials.tsx(3,24): error TS2307: Cannot find module 'framer-motion' or its corresponding type declarations.
src/components/landing/Testimonials.tsx(4,23): error TS2307: Cannot find module 'lucide-react' or its corresponding type declarations.
src/components/layout/Footer.tsx(4,56): error TS2307: Cannot find module 'lucide-react' or its corresponding type declarations.
src/components/layout/Sidebar.tsx(6,41): error TS2307: Cannot find module 'framer-motion' or its corresponding type declarations.
src/components/layout/Sidebar.tsx(19,8): error TS2307: Cannot find module 'lucide-react' or its corresponding type declarations.
src/components/layout/TopNav.tsx(6,41): error TS2307: Cannot find module 'framer-motion' or its corresponding type declarations.
src/components/layout/TopNav.tsx(16,8): error TS2307: Cannot find module 'lucide-react' or its corresponding type declarations.
src/components/layout/TopNav.tsx(250,39): error TS7006: Parameter 'e' implicitly has an 'any' type.
src/contexts/AuthContext.tsx(12,8): error TS2307: Cannot find module 'firebase/auth' or its corresponding type declarations.
src/contexts/AuthContext.tsx(13,54): error TS2307: Cannot find module 'firebase/firestore' or its corresponding type declarations.
src/contexts/AuthContext.tsx(57,61): error TS7006: Parameter 'firebaseUser' implicitly has an 'any' type.
src/lib/firebase.ts(1,40): error TS2307: Cannot find module 'firebase/app' or its corresponding type declarations.
src/lib/firebase.ts(2,45): error TS2307: Cannot find module 'firebase/auth' or its corresponding type declarations.
src/lib/firebase.ts(3,30): error TS2307: Cannot find module 'firebase/firestore' or its corresponding type declarations.
src/lib/firebase.ts(4,28): error TS2307: Cannot find module 'firebase/storage' or its corresponding type declarations.
src/lib/utils/helpers.ts(1,39): error TS2307: Cannot find module 'clsx' or its corresponding type declarations.
src/lib/utils/helpers.ts(2,25): error TS2307: Cannot find module 'tailwind-merge' or its corresponding type declarations.
